ERROR - 2026-05-13 06:21:03 --> Error connecting to the database: Error: Class "SQLite3" not found in /home/johny-olivier/ITU/L2/s4/systeme d'information/codeigniter/projets/suivi_employe/system/Database/SQLite3/Connection.php:111
Stack trace:
#0 /home/johny-olivier/ITU/L2/s4/systeme d'information/codeigniter/projets/suivi_employe/system/Database/BaseConnection.php(555): CodeIgniter\Database\SQLite3\Connection->connect()
#1 /home/johny-olivier/ITU/L2/s4/systeme d'information/codeigniter/projets/suivi_employe/system/Database/SQLite3/Connection.php(74): CodeIgniter\Database\BaseConnection->initialize()
#2 /home/johny-olivier/ITU/L2/s4/systeme d'information/codeigniter/projets/suivi_employe/system/Database/BaseConnection.php(795): CodeIgniter\Database\SQLite3\Connection->initialize()
#3 /home/johny-olivier/ITU/L2/s4/systeme d'information/codeigniter/projets/suivi_employe/system/Database/BaseConnection.php(1706): CodeIgniter\Database\BaseConnection->query()
#4 /home/johny-olivier/ITU/L2/s4/systeme d'information/codeigniter/projets/suivi_employe/system/Database/BaseConnection.php(1726): CodeIgniter\Database\BaseConnection->listTables()
#5 /home/johny-olivier/ITU/L2/s4/systeme d'information/codeigniter/projets/suivi_employe/system/Database/MigrationRunner.php(821): CodeIgniter\Database\BaseConnection->tableExists()
#6 /home/johny-olivier/ITU/L2/s4/systeme d'information/codeigniter/projets/suivi_employe/system/Database/MigrationRunner.php(173): CodeIgniter\Database\MigrationRunner->ensureTable()
#7 /home/johny-olivier/ITU/L2/s4/systeme d'information/codeigniter/projets/suivi_employe/system/Commands/Database/Migrate.php(89): CodeIgniter\Database\MigrationRunner->latest()
#8 /home/johny-olivier/ITU/L2/s4/systeme d'information/codeigniter/projets/suivi_employe/system/CLI/SignalTrait.php(245): CodeIgniter\Commands\Database\Migrate::CodeIgniter\Commands\Database\{closure}()
#9 /home/johny-olivier/ITU/L2/s4/systeme d'information/codeigniter/projets/suivi_employe/system/Commands/Database/Migrate.php(88): CodeIgniter\Commands\Database\Migrate->withSignalsBlocked()
#10 /home/johny-olivier/ITU/L2/s4/systeme d'information/codeigniter/projets/suivi_employe/system/CLI/Commands.php(74): CodeIgniter\Commands\Database\Migrate->run()
#11 /home/johny-olivier/ITU/L2/s4/systeme d'information/codeigniter/projets/suivi_employe/system/CLI/Console.php(47): CodeIgniter\CLI\Commands->run()
#12 /home/johny-olivier/ITU/L2/s4/systeme d'information/codeigniter/projets/suivi_employe/system/Boot.php(442): CodeIgniter\CLI\Console->run()
#13 /home/johny-olivier/ITU/L2/s4/systeme d'information/codeigniter/projets/suivi_employe/system/Boot.php(166): CodeIgniter\Boot::runCommand()
#14 /home/johny-olivier/ITU/L2/s4/systeme d'information/codeigniter/projets/suivi_employe/spark(87): CodeIgniter\Boot::bootSpark()
#15 {main}
ERROR - 2026-05-13 06:21:03 --> Error connecting to the database: Error: Class "SQLite3" not found in /home/johny-olivier/ITU/L2/s4/systeme d'information/codeigniter/projets/suivi_employe/system/Database/SQLite3/Connection.php:111
Stack trace:
#0 /home/johny-olivier/ITU/L2/s4/systeme d'information/codeigniter/projets/suivi_employe/system/Database/BaseConnection.php(555): CodeIgniter\Database\SQLite3\Connection->connect()
#1 /home/johny-olivier/ITU/L2/s4/systeme d'information/codeigniter/projets/suivi_employe/system/Database/SQLite3/Connection.php(74): CodeIgniter\Database\BaseConnection->initialize()
#2 /home/johny-olivier/ITU/L2/s4/systeme d'information/codeigniter/projets/suivi_employe/system/Database/Database.php(74): CodeIgniter\Database\SQLite3\Connection->initialize()
#3 /home/johny-olivier/ITU/L2/s4/systeme d'information/codeigniter/projets/suivi_employe/system/Database/Config.php(111): CodeIgniter\Database\Database->loadForge()
#4 /home/johny-olivier/ITU/L2/s4/systeme d'information/codeigniter/projets/suivi_employe/system/Database/Seeder.php(103): CodeIgniter\Database\Config::forge()
#5 /home/johny-olivier/ITU/L2/s4/systeme d'information/codeigniter/projets/suivi_employe/system/Commands/Database/Seed.php(71): CodeIgniter\Database\Seeder->__construct()
#6 /home/johny-olivier/ITU/L2/s4/systeme d'information/codeigniter/projets/suivi_employe/system/CLI/Commands.php(74): CodeIgniter\Commands\Database\Seed->run()
#7 /home/johny-olivier/ITU/L2/s4/systeme d'information/codeigniter/projets/suivi_employe/system/CLI/Console.php(47): CodeIgniter\CLI\Commands->run()
#8 /home/johny-olivier/ITU/L2/s4/systeme d'information/codeigniter/projets/suivi_employe/system/Boot.php(442): CodeIgniter\CLI\Console->run()
#9 /home/johny-olivier/ITU/L2/s4/systeme d'information/codeigniter/projets/suivi_employe/system/Boot.php(166): CodeIgniter\Boot::runCommand()
#10 /home/johny-olivier/ITU/L2/s4/systeme d'information/codeigniter/projets/suivi_employe/spark(87): CodeIgniter\Boot::bootSpark()
#11 {main}
CRITICAL - 2026-05-13 06:21:03 --> CodeIgniter\Database\Exceptions\DatabaseException: Unable to connect to the database.
Main connection [SQLite3]: Class "SQLite3" not found
[Method: CLI, Route: db:seed/AppSeeder]
in SYSTEMPATH/Database/BaseConnection.php on line 606.
 1 SYSTEMPATH/Database/SQLite3/Connection.php(74): CodeIgniter\Database\BaseConnection->initialize()
 2 SYSTEMPATH/Database/Database.php(74): CodeIgniter\Database\SQLite3\Connection->initialize()
 3 SYSTEMPATH/Database/Config.php(111): CodeIgniter\Database\Database->loadForge()
 4 SYSTEMPATH/Database/Seeder.php(103): CodeIgniter\Database\Config::forge()
 5 SYSTEMPATH/Commands/Database/Seed.php(71): CodeIgniter\Database\Seeder->__construct()
 6 SYSTEMPATH/CLI/Commands.php(74): CodeIgniter\Commands\Database\Seed->run()
 7 SYSTEMPATH/CLI/Console.php(47): CodeIgniter\CLI\Commands->run()
 8 SYSTEMPATH/Boot.php(442): CodeIgniter\CLI\Console->run()
 9 SYSTEMPATH/Boot.php(166): CodeIgniter\Boot::runCommand()
10 ROOTPATH/spark(87): CodeIgniter\Boot::bootSpark()
ERROR - 2026-05-13 06:32:21 --> Error connecting to the database: Error: Class "SQLite3" not found in /home/johny-olivier/ITU/L2/s4/systeme d'information/codeigniter/projets/suivi_employe/system/Database/SQLite3/Connection.php:111
Stack trace:
#0 /home/johny-olivier/ITU/L2/s4/systeme d'information/codeigniter/projets/suivi_employe/system/Database/BaseConnection.php(555): CodeIgniter\Database\SQLite3\Connection->connect()
#1 /home/johny-olivier/ITU/L2/s4/systeme d'information/codeigniter/projets/suivi_employe/system/Database/SQLite3/Connection.php(74): CodeIgniter\Database\BaseConnection->initialize()
#2 /home/johny-olivier/ITU/L2/s4/systeme d'information/codeigniter/projets/suivi_employe/system/Database/BaseConnection.php(795): CodeIgniter\Database\SQLite3\Connection->initialize()
#3 /home/johny-olivier/ITU/L2/s4/systeme d'information/codeigniter/projets/suivi_employe/system/Database/BaseConnection.php(1706): CodeIgniter\Database\BaseConnection->query()
#4 /home/johny-olivier/ITU/L2/s4/systeme d'information/codeigniter/projets/suivi_employe/system/Database/BaseConnection.php(1726): CodeIgniter\Database\BaseConnection->listTables()
#5 /home/johny-olivier/ITU/L2/s4/systeme d'information/codeigniter/projets/suivi_employe/system/Database/MigrationRunner.php(821): CodeIgniter\Database\BaseConnection->tableExists()
#6 /home/johny-olivier/ITU/L2/s4/systeme d'information/codeigniter/projets/suivi_employe/system/Database/MigrationRunner.php(173): CodeIgniter\Database\MigrationRunner->ensureTable()
#7 /home/johny-olivier/ITU/L2/s4/systeme d'information/codeigniter/projets/suivi_employe/system/Commands/Database/Migrate.php(89): CodeIgniter\Database\MigrationRunner->latest()
#8 /home/johny-olivier/ITU/L2/s4/systeme d'information/codeigniter/projets/suivi_employe/system/CLI/SignalTrait.php(245): CodeIgniter\Commands\Database\Migrate::CodeIgniter\Commands\Database\{closure}()
#9 /home/johny-olivier/ITU/L2/s4/systeme d'information/codeigniter/projets/suivi_employe/system/Commands/Database/Migrate.php(88): CodeIgniter\Commands\Database\Migrate->withSignalsBlocked()
#10 /home/johny-olivier/ITU/L2/s4/systeme d'information/codeigniter/projets/suivi_employe/system/CLI/Commands.php(74): CodeIgniter\Commands\Database\Migrate->run()
#11 /home/johny-olivier/ITU/L2/s4/systeme d'information/codeigniter/projets/suivi_employe/system/CLI/Console.php(47): CodeIgniter\CLI\Commands->run()
#12 /home/johny-olivier/ITU/L2/s4/systeme d'information/codeigniter/projets/suivi_employe/system/Boot.php(442): CodeIgniter\CLI\Console->run()
#13 /home/johny-olivier/ITU/L2/s4/systeme d'information/codeigniter/projets/suivi_employe/system/Boot.php(166): CodeIgniter\Boot::runCommand()
#14 /home/johny-olivier/ITU/L2/s4/systeme d'information/codeigniter/projets/suivi_employe/spark(87): CodeIgniter\Boot::bootSpark()
#15 {main}
CRITICAL - 2026-05-13 06:34:52 --> ErrorException: Cannot declare class App\Database\Migrations\CreateConges, because the name is already in use
[Method: CLI, Route: migrate]
in APPPATH/Database/Migrations/2026-05-13-063105_CreateConges.php on line 7.
 1 [internal function]: CodeIgniter\Debug\Exceptions->shutdownHandler()
ERROR - 2026-05-13 06:36:31 --> Table 'conges' already exists
in SYSTEMPATH/Database/MySQLi/Connection.php on line 300.
 1 SYSTEMPATH/Database/MySQLi/Connection.php(300): mysqli->query()
 2 SYSTEMPATH/Database/BaseConnection.php(910): CodeIgniter\Database\MySQLi\Connection->execute()
 3 SYSTEMPATH/Database/BaseConnection.php(827): CodeIgniter\Database\BaseConnection->simpleQuery()
 4 SYSTEMPATH/Database/Forge.php(570): CodeIgniter\Database\BaseConnection->query()
 5 APPPATH/Database/Migrations/2026-05-13-063105_CreateConges.php(57): CodeIgniter\Database\Forge->createTable()
 6 SYSTEMPATH/Database/MigrationRunner.php(1014): App\Database\Migrations\CreateConges->up()
 7 SYSTEMPATH/Database/MigrationRunner.php(202): CodeIgniter\Database\MigrationRunner->migrate()
 8 SYSTEMPATH/Commands/Database/Migrate.php(89): CodeIgniter\Database\MigrationRunner->latest()
 9 SYSTEMPATH/CLI/SignalTrait.php(245): CodeIgniter\Commands\Database\Migrate::CodeIgniter\Commands\Database\{closure}()
10 SYSTEMPATH/Commands/Database/Migrate.php(88): CodeIgniter\Commands\Database\Migrate->withSignalsBlocked()
11 SYSTEMPATH/CLI/Commands.php(74): CodeIgniter\Commands\Database\Migrate->run()
12 SYSTEMPATH/CLI/Console.php(47): CodeIgniter\CLI\Commands->run()
13 SYSTEMPATH/Boot.php(442): CodeIgniter\CLI\Console->run()
14 SYSTEMPATH/Boot.php(166): CodeIgniter\Boot::runCommand()
15 ROOTPATH/spark(87): CodeIgniter\Boot::bootSpark()
ERROR - 2026-05-13 06:36:53 --> Can't create table `suivi_employe`.`conges` (errno: 150 "Foreign key constraint is incorrectly formed")
in SYSTEMPATH/Database/MySQLi/Connection.php on line 300.
 1 SYSTEMPATH/Database/MySQLi/Connection.php(300): mysqli->query()
 2 SYSTEMPATH/Database/BaseConnection.php(910): CodeIgniter\Database\MySQLi\Connection->execute()
 3 SYSTEMPATH/Database/BaseConnection.php(827): CodeIgniter\Database\BaseConnection->simpleQuery()
 4 SYSTEMPATH/Database/Forge.php(570): CodeIgniter\Database\BaseConnection->query()
 5 APPPATH/Database/Migrations/2026-05-13-063105_CreateConges.php(57): CodeIgniter\Database\Forge->createTable()
 6 SYSTEMPATH/Database/MigrationRunner.php(1014): App\Database\Migrations\CreateConges->up()
 7 SYSTEMPATH/Database/MigrationRunner.php(202): CodeIgniter\Database\MigrationRunner->migrate()
 8 SYSTEMPATH/Commands/Database/Migrate.php(89): CodeIgniter\Database\MigrationRunner->latest()
 9 SYSTEMPATH/CLI/SignalTrait.php(245): CodeIgniter\Commands\Database\Migrate::CodeIgniter\Commands\Database\{closure}()
10 SYSTEMPATH/Commands/Database/Migrate.php(88): CodeIgniter\Commands\Database\Migrate->withSignalsBlocked()
11 SYSTEMPATH/CLI/Commands.php(74): CodeIgniter\Commands\Database\Migrate->run()
12 SYSTEMPATH/CLI/Console.php(47): CodeIgniter\CLI\Commands->run()
13 SYSTEMPATH/Boot.php(442): CodeIgniter\CLI\Console->run()
14 SYSTEMPATH/Boot.php(166): CodeIgniter\Boot::runCommand()
15 ROOTPATH/spark(87): CodeIgniter\Boot::bootSpark()
ERROR - 2026-05-13 06:38:20 --> Can't create table `suivi_employe`.`conges` (errno: 150 "Foreign key constraint is incorrectly formed")
in SYSTEMPATH/Database/MySQLi/Connection.php on line 300.
 1 SYSTEMPATH/Database/MySQLi/Connection.php(300): mysqli->query()
 2 SYSTEMPATH/Database/BaseConnection.php(910): CodeIgniter\Database\MySQLi\Connection->execute()
 3 SYSTEMPATH/Database/BaseConnection.php(827): CodeIgniter\Database\BaseConnection->simpleQuery()
 4 SYSTEMPATH/Database/Forge.php(570): CodeIgniter\Database\BaseConnection->query()
 5 APPPATH/Database/Migrations/2026-05-13-063105_CreateConges.php(66): CodeIgniter\Database\Forge->createTable()
 6 SYSTEMPATH/Database/MigrationRunner.php(1014): App\Database\Migrations\CreateConges->up()
 7 SYSTEMPATH/Database/MigrationRunner.php(202): CodeIgniter\Database\MigrationRunner->migrate()
 8 SYSTEMPATH/Commands/Database/Migrate.php(89): CodeIgniter\Database\MigrationRunner->latest()
 9 SYSTEMPATH/CLI/SignalTrait.php(245): CodeIgniter\Commands\Database\Migrate::CodeIgniter\Commands\Database\{closure}()
10 SYSTEMPATH/Commands/Database/Migrate.php(88): CodeIgniter\Commands\Database\Migrate->withSignalsBlocked()
11 SYSTEMPATH/CLI/Commands.php(74): CodeIgniter\Commands\Database\Migrate->run()
12 SYSTEMPATH/CLI/Console.php(47): CodeIgniter\CLI\Commands->run()
13 SYSTEMPATH/Boot.php(442): CodeIgniter\CLI\Console->run()
14 SYSTEMPATH/Boot.php(166): CodeIgniter\Boot::runCommand()
15 ROOTPATH/spark(87): CodeIgniter\Boot::bootSpark()
ERROR - 2026-05-13 06:48:57 --> Duplicate entry 'admin@techmada.mg' for key 'email'
in SYSTEMPATH/Database/MySQLi/Connection.php on line 300.
 1 SYSTEMPATH/Database/MySQLi/Connection.php(300): mysqli->query()
 2 SYSTEMPATH/Database/BaseConnection.php(910): CodeIgniter\Database\MySQLi\Connection->execute()
 3 SYSTEMPATH/Database/BaseConnection.php(827): CodeIgniter\Database\BaseConnection->simpleQuery()
 4 SYSTEMPATH/Database/BaseBuilder.php(1841): CodeIgniter\Database\BaseConnection->query()
 5 SYSTEMPATH/Database/BaseBuilder.php(2230): CodeIgniter\Database\BaseBuilder->batchExecute()
 6 APPPATH/Database/Seeds/MainSeeder.php(91): CodeIgniter\Database\BaseBuilder->insertBatch()
 7 SYSTEMPATH/Database/Seeder.php(155): App\Database\Seeds\MainSeeder->run()
 8 SYSTEMPATH/Commands/Database/Seed.php(79): CodeIgniter\Database\Seeder->call()
 9 SYSTEMPATH/CLI/Commands.php(74): CodeIgniter\Commands\Database\Seed->run()
10 SYSTEMPATH/CLI/Console.php(47): CodeIgniter\CLI\Commands->run()
11 SYSTEMPATH/Boot.php(442): CodeIgniter\CLI\Console->run()
12 SYSTEMPATH/Boot.php(166): CodeIgniter\Boot::runCommand()
13 ROOTPATH/spark(87): CodeIgniter\Boot::bootSpark()
DEBUG - 2026-05-13 06:49:16 --> Session: Class initialized using 'CodeIgniter\Session\Handlers\FileHandler' driver.
INFO - 2026-05-13 06:50:30 --> CSRF token verified.
DEBUG - 2026-05-13 06:50:30 --> Session: Class initialized using 'CodeIgniter\Session\Handlers\FileHandler' driver.
DEBUG - 2026-05-13 06:50:30 --> Session: Class initialized using 'CodeIgniter\Session\Handlers\FileHandler' driver.
DEBUG - 2026-05-13 06:50:39 --> Session: Class initialized using 'CodeIgniter\Session\Handlers\FileHandler' driver.
DEBUG - 2026-05-13 06:50:41 --> Session: Class initialized using 'CodeIgniter\Session\Handlers\FileHandler' driver.
DEBUG - 2026-05-13 06:50:44 --> Session: Class initialized using 'CodeIgniter\Session\Handlers\FileHandler' driver.
DEBUG - 2026-05-13 06:50:50 --> Session: Class initialized using 'CodeIgniter\Session\Handlers\FileHandler' driver.
DEBUG - 2026-05-13 06:50:50 --> Session: Class initialized using 'CodeIgniter\Session\Handlers\FileHandler' driver.
INFO - 2026-05-13 06:51:07 --> CSRF token verified.
DEBUG - 2026-05-13 06:51:07 --> Session: Class initialized using 'CodeIgniter\Session\Handlers\FileHandler' driver.
DEBUG - 2026-05-13 06:51:07 --> Session: Class initialized using 'CodeIgniter\Session\Handlers\FileHandler' driver.
DEBUG - 2026-05-13 06:51:24 --> Session: Class initialized using 'CodeIgniter\Session\Handlers\FileHandler' driver.
INFO - 2026-05-13 06:51:40 --> CSRF token verified.
DEBUG - 2026-05-13 06:51:40 --> Session: Class initialized using 'CodeIgniter\Session\Handlers\FileHandler' driver.
DEBUG - 2026-05-13 06:51:40 --> Session: Class initialized using 'CodeIgniter\Session\Handlers\FileHandler' driver.
DEBUG - 2026-05-13 06:51:56 --> Session: Class initialized using 'CodeIgniter\Session\Handlers\FileHandler' driver.
DEBUG - 2026-05-13 06:51:56 --> Session: Class initialized using 'CodeIgniter\Session\Handlers\FileHandler' driver.
INFO - 2026-05-13 06:52:06 --> CSRF token verified.
DEBUG - 2026-05-13 06:52:06 --> Session: Class initialized using 'CodeIgniter\Session\Handlers\FileHandler' driver.
DEBUG - 2026-05-13 06:52:06 --> Session: Class initialized using 'CodeIgniter\Session\Handlers\FileHandler' driver.
DEBUG - 2026-05-13 06:52:06 --> Session: Class initialized using 'CodeIgniter\Session\Handlers\FileHandler' driver.
INFO - 2026-05-13 06:52:19 --> CSRF token verified.
DEBUG - 2026-05-13 06:52:19 --> Session: Class initialized using 'CodeIgniter\Session\Handlers\FileHandler' driver.
DEBUG - 2026-05-13 06:52:19 --> Session: Class initialized using 'CodeIgniter\Session\Handlers\FileHandler' driver.
DEBUG - 2026-05-13 06:52:21 --> Session: Class initialized using 'CodeIgniter\Session\Handlers\FileHandler' driver.
DEBUG - 2026-05-13 06:52:21 --> Session: Class initialized using 'CodeIgniter\Session\Handlers\FileHandler' driver.
DEBUG - 2026-05-13 06:52:25 --> Session: Class initialized using 'CodeIgniter\Session\Handlers\FileHandler' driver.
DEBUG - 2026-05-13 06:52:25 --> Session: Class initialized using 'CodeIgniter\Session\Handlers\FileHandler' driver.
INFO - 2026-05-13 06:52:30 --> CSRF token verified.
DEBUG - 2026-05-13 06:52:30 --> Session: Class initialized using 'CodeIgniter\Session\Handlers\FileHandler' driver.
DEBUG - 2026-05-13 06:52:30 --> Session: Class initialized using 'CodeIgniter\Session\Handlers\FileHandler' driver.
DEBUG - 2026-05-13 06:52:45 --> Session: Class initialized using 'CodeIgniter\Session\Handlers\FileHandler' driver.
DEBUG - 2026-05-13 06:52:46 --> Session: Class initialized using 'CodeIgniter\Session\Handlers\FileHandler' driver.
DEBUG - 2026-05-13 07:04:16 --> Session: Class initialized using 'CodeIgniter\Session\Handlers\FileHandler' driver.
DEBUG - 2026-05-13 07:04:25 --> Session: Class initialized using 'CodeIgniter\Session\Handlers\FileHandler' driver.
DEBUG - 2026-05-13 07:04:30 --> Session: Class initialized using 'CodeIgniter\Session\Handlers\FileHandler' driver.
DEBUG - 2026-05-13 07:04:30 --> Session: Class initialized using 'CodeIgniter\Session\Handlers\FileHandler' driver.
ERROR - 2026-05-13 07:08:45 --> Error connecting to the database: Exception: Unable to open database: unable to open database file in /home/johny-olivier/ITU/L2/s4/systeme d'information/codeigniter/projets/suivi_employe/system/Database/SQLite3/Connection.php:111
Stack trace:
#0 /home/johny-olivier/ITU/L2/s4/systeme d'information/codeigniter/projets/suivi_employe/system/Database/SQLite3/Connection.php(111): SQLite3->__construct('writable/suivi_...')
#1 /home/johny-olivier/ITU/L2/s4/systeme d'information/codeigniter/projets/suivi_employe/system/Database/BaseConnection.php(555): CodeIgniter\Database\SQLite3\Connection->connect(false)
#2 /home/johny-olivier/ITU/L2/s4/systeme d'information/codeigniter/projets/suivi_employe/system/Database/SQLite3/Connection.php(74): CodeIgniter\Database\BaseConnection->initialize()
#3 /home/johny-olivier/ITU/L2/s4/systeme d'information/codeigniter/projets/suivi_employe/system/Database/BaseConnection.php(795): CodeIgniter\Database\SQLite3\Connection->initialize()
#4 /home/johny-olivier/ITU/L2/s4/systeme d'information/codeigniter/projets/suivi_employe/system/Database/BaseConnection.php(1706): CodeIgniter\Database\BaseConnection->query('SELECT "NAME" F...')
#5 /home/johny-olivier/ITU/L2/s4/systeme d'information/codeigniter/projets/suivi_employe/system/Database/BaseConnection.php(1726): CodeIgniter\Database\BaseConnection->listTables()
#6 /home/johny-olivier/ITU/L2/s4/systeme d'information/codeigniter/projets/suivi_employe/system/Database/MigrationRunner.php(821): CodeIgniter\Database\BaseConnection->tableExists('migrations')
#7 /home/johny-olivier/ITU/L2/s4/systeme d'information/codeigniter/projets/suivi_employe/system/Database/MigrationRunner.php(173): CodeIgniter\Database\MigrationRunner->ensureTable()
#8 /home/johny-olivier/ITU/L2/s4/systeme d'information/codeigniter/projets/suivi_employe/system/Commands/Database/Migrate.php(89): CodeIgniter\Database\MigrationRunner->latest(NULL)
#9 /home/johny-olivier/ITU/L2/s4/systeme d'information/codeigniter/projets/suivi_employe/system/CLI/SignalTrait.php(245): CodeIgniter\Commands\Database\Migrate::CodeIgniter\Commands\Database\{closure}()
#10 /home/johny-olivier/ITU/L2/s4/systeme d'information/codeigniter/projets/suivi_employe/system/Commands/Database/Migrate.php(88): CodeIgniter\Commands\Database\Migrate->withSignalsBlocked(Object(Closure))
#11 /home/johny-olivier/ITU/L2/s4/systeme d'information/codeigniter/projets/suivi_employe/system/CLI/Commands.php(74): CodeIgniter\Commands\Database\Migrate->run(Array)
#12 /home/johny-olivier/ITU/L2/s4/systeme d'information/codeigniter/projets/suivi_employe/system/CLI/Console.php(47): CodeIgniter\CLI\Commands->run('migrate', Array)
#13 /home/johny-olivier/ITU/L2/s4/systeme d'information/codeigniter/projets/suivi_employe/system/Boot.php(442): CodeIgniter\CLI\Console->run()
#14 /home/johny-olivier/ITU/L2/s4/systeme d'information/codeigniter/projets/suivi_employe/system/Boot.php(166): CodeIgniter\Boot::runCommand(Object(CodeIgniter\CLI\Console))
#15 /home/johny-olivier/ITU/L2/s4/systeme d'information/codeigniter/projets/suivi_employe/spark(87): CodeIgniter\Boot::bootSpark(Object(Config\Paths))
#16 {main}

Next CodeIgniter\Database\Exceptions\DatabaseException: SQLite3 error: Unable to open database: unable to open database file in /home/johny-olivier/ITU/L2/s4/systeme d'information/codeigniter/projets/suivi_employe/system/Database/SQLite3/Connection.php:118
Stack trace:
#0 /home/johny-olivier/ITU/L2/s4/systeme d'information/codeigniter/projets/suivi_employe/system/Database/BaseConnection.php(555): CodeIgniter\Database\SQLite3\Connection->connect(false)
#1 /home/johny-olivier/ITU/L2/s4/systeme d'information/codeigniter/projets/suivi_employe/system/Database/SQLite3/Connection.php(74): CodeIgniter\Database\BaseConnection->initialize()
#2 /home/johny-olivier/ITU/L2/s4/systeme d'information/codeigniter/projets/suivi_employe/system/Database/BaseConnection.php(795): CodeIgniter\Database\SQLite3\Connection->initialize()
#3 /home/johny-olivier/ITU/L2/s4/systeme d'information/codeigniter/projets/suivi_employe/system/Database/BaseConnection.php(1706): CodeIgniter\Database\BaseConnection->query('SELECT "NAME" F...')
#4 /home/johny-olivier/ITU/L2/s4/systeme d'information/codeigniter/projets/suivi_employe/system/Database/BaseConnection.php(1726): CodeIgniter\Database\BaseConnection->listTables()
#5 /home/johny-olivier/ITU/L2/s4/systeme d'information/codeigniter/projets/suivi_employe/system/Database/MigrationRunner.php(821): CodeIgniter\Database\BaseConnection->tableExists('migrations')
#6 /home/johny-olivier/ITU/L2/s4/systeme d'information/codeigniter/projets/suivi_employe/system/Database/MigrationRunner.php(173): CodeIgniter\Database\MigrationRunner->ensureTable()
#7 /home/johny-olivier/ITU/L2/s4/systeme d'information/codeigniter/projets/suivi_employe/system/Commands/Database/Migrate.php(89): CodeIgniter\Database\MigrationRunner->latest(NULL)
#8 /home/johny-olivier/ITU/L2/s4/systeme d'information/codeigniter/projets/suivi_employe/system/CLI/SignalTrait.php(245): CodeIgniter\Commands\Database\Migrate::CodeIgniter\Commands\Database\{closure}()
#9 /home/johny-olivier/ITU/L2/s4/systeme d'information/codeigniter/projets/suivi_employe/system/Commands/Database/Migrate.php(88): CodeIgniter\Commands\Database\Migrate->withSignalsBlocked(Object(Closure))
#10 /home/johny-olivier/ITU/L2/s4/systeme d'information/codeigniter/projets/suivi_employe/system/CLI/Commands.php(74): CodeIgniter\Commands\Database\Migrate->run(Array)
#11 /home/johny-olivier/ITU/L2/s4/systeme d'information/codeigniter/projets/suivi_employe/system/CLI/Console.php(47): CodeIgniter\CLI\Commands->run('migrate', Array)
#12 /home/johny-olivier/ITU/L2/s4/systeme d'information/codeigniter/projets/suivi_employe/system/Boot.php(442): CodeIgniter\CLI\Console->run()
#13 /home/johny-olivier/ITU/L2/s4/systeme d'information/codeigniter/projets/suivi_employe/system/Boot.php(166): CodeIgniter\Boot::runCommand(Object(CodeIgniter\CLI\Console))
#14 /home/johny-olivier/ITU/L2/s4/systeme d'information/codeigniter/projets/suivi_employe/spark(87): CodeIgniter\Boot::bootSpark(Object(Config\Paths))
#15 {main}
ERROR - 2026-05-13 07:08:45 --> Error connecting to the database: Exception: Unable to open database: unable to open database file in /home/johny-olivier/ITU/L2/s4/systeme d'information/codeigniter/projets/suivi_employe/system/Database/SQLite3/Connection.php:111
Stack trace:
#0 /home/johny-olivier/ITU/L2/s4/systeme d'information/codeigniter/projets/suivi_employe/system/Database/SQLite3/Connection.php(111): SQLite3->__construct('writable/suivi_...')
#1 /home/johny-olivier/ITU/L2/s4/systeme d'information/codeigniter/projets/suivi_employe/system/Database/BaseConnection.php(555): CodeIgniter\Database\SQLite3\Connection->connect(false)
#2 /home/johny-olivier/ITU/L2/s4/systeme d'information/codeigniter/projets/suivi_employe/system/Database/SQLite3/Connection.php(74): CodeIgniter\Database\BaseConnection->initialize()
#3 /home/johny-olivier/ITU/L2/s4/systeme d'information/codeigniter/projets/suivi_employe/system/Database/Database.php(74): CodeIgniter\Database\SQLite3\Connection->initialize()
#4 /home/johny-olivier/ITU/L2/s4/systeme d'information/codeigniter/projets/suivi_employe/system/Database/Config.php(111): CodeIgniter\Database\Database->loadForge(Object(CodeIgniter\Database\SQLite3\Connection))
#5 /home/johny-olivier/ITU/L2/s4/systeme d'information/codeigniter/projets/suivi_employe/system/Database/Seeder.php(103): CodeIgniter\Database\Config::forge('default')
#6 /home/johny-olivier/ITU/L2/s4/systeme d'information/codeigniter/projets/suivi_employe/system/Commands/Database/Seed.php(71): CodeIgniter\Database\Seeder->__construct(Object(Config\Database))
#7 /home/johny-olivier/ITU/L2/s4/systeme d'information/codeigniter/projets/suivi_employe/system/CLI/Commands.php(74): CodeIgniter\Commands\Database\Seed->run(Array)
#8 /home/johny-olivier/ITU/L2/s4/systeme d'information/codeigniter/projets/suivi_employe/system/CLI/Console.php(47): CodeIgniter\CLI\Commands->run('db:seed', Array)
#9 /home/johny-olivier/ITU/L2/s4/systeme d'information/codeigniter/projets/suivi_employe/system/Boot.php(442): CodeIgniter\CLI\Console->run()
#10 /home/johny-olivier/ITU/L2/s4/systeme d'information/codeigniter/projets/suivi_employe/system/Boot.php(166): CodeIgniter\Boot::runCommand(Object(CodeIgniter\CLI\Console))
#11 /home/johny-olivier/ITU/L2/s4/systeme d'information/codeigniter/projets/suivi_employe/spark(87): CodeIgniter\Boot::bootSpark(Object(Config\Paths))
#12 {main}

Next CodeIgniter\Database\Exceptions\DatabaseException: SQLite3 error: Unable to open database: unable to open database file in /home/johny-olivier/ITU/L2/s4/systeme d'information/codeigniter/projets/suivi_employe/system/Database/SQLite3/Connection.php:118
Stack trace:
#0 /home/johny-olivier/ITU/L2/s4/systeme d'information/codeigniter/projets/suivi_employe/system/Database/BaseConnection.php(555): CodeIgniter\Database\SQLite3\Connection->connect(false)
#1 /home/johny-olivier/ITU/L2/s4/systeme d'information/codeigniter/projets/suivi_employe/system/Database/SQLite3/Connection.php(74): CodeIgniter\Database\BaseConnection->initialize()
#2 /home/johny-olivier/ITU/L2/s4/systeme d'information/codeigniter/projets/suivi_employe/system/Database/Database.php(74): CodeIgniter\Database\SQLite3\Connection->initialize()
#3 /home/johny-olivier/ITU/L2/s4/systeme d'information/codeigniter/projets/suivi_employe/system/Database/Config.php(111): CodeIgniter\Database\Database->loadForge(Object(CodeIgniter\Database\SQLite3\Connection))
#4 /home/johny-olivier/ITU/L2/s4/systeme d'information/codeigniter/projets/suivi_employe/system/Database/Seeder.php(103): CodeIgniter\Database\Config::forge('default')
#5 /home/johny-olivier/ITU/L2/s4/systeme d'information/codeigniter/projets/suivi_employe/system/Commands/Database/Seed.php(71): CodeIgniter\Database\Seeder->__construct(Object(Config\Database))
#6 /home/johny-olivier/ITU/L2/s4/systeme d'information/codeigniter/projets/suivi_employe/system/CLI/Commands.php(74): CodeIgniter\Commands\Database\Seed->run(Array)
#7 /home/johny-olivier/ITU/L2/s4/systeme d'information/codeigniter/projets/suivi_employe/system/CLI/Console.php(47): CodeIgniter\CLI\Commands->run('db:seed', Array)
#8 /home/johny-olivier/ITU/L2/s4/systeme d'information/codeigniter/projets/suivi_employe/system/Boot.php(442): CodeIgniter\CLI\Console->run()
#9 /home/johny-olivier/ITU/L2/s4/systeme d'information/codeigniter/projets/suivi_employe/system/Boot.php(166): CodeIgniter\Boot::runCommand(Object(CodeIgniter\CLI\Console))
#10 /home/johny-olivier/ITU/L2/s4/systeme d'information/codeigniter/projets/suivi_employe/spark(87): CodeIgniter\Boot::bootSpark(Object(Config\Paths))
#11 {main}
CRITICAL - 2026-05-13 07:08:45 --> CodeIgniter\Database\Exceptions\DatabaseException: Unable to connect to the database.
Main connection [SQLite3]: SQLite3 error: Unable to open database: unable to open database file
[Method: CLI, Route: db:seed/MainSeeder]
in SYSTEMPATH/Database/BaseConnection.php on line 606.
 1 SYSTEMPATH/Database/SQLite3/Connection.php(74): CodeIgniter\Database\BaseConnection->initialize()
 2 SYSTEMPATH/Database/Database.php(74): CodeIgniter\Database\SQLite3\Connection->initialize()
 3 SYSTEMPATH/Database/Config.php(111): CodeIgniter\Database\Database->loadForge(Object(CodeIgniter\Database\SQLite3\Connection))
 4 SYSTEMPATH/Database/Seeder.php(103): CodeIgniter\Database\Config::forge('default')
 5 SYSTEMPATH/Commands/Database/Seed.php(71): CodeIgniter\Database\Seeder->__construct(Object(Config\Database))
 6 SYSTEMPATH/CLI/Commands.php(74): CodeIgniter\Commands\Database\Seed->run([...])
 7 SYSTEMPATH/CLI/Console.php(47): CodeIgniter\CLI\Commands->run('db:seed', [...])
 8 SYSTEMPATH/Boot.php(442): CodeIgniter\CLI\Console->run()
 9 SYSTEMPATH/Boot.php(166): CodeIgniter\Boot::runCommand(Object(CodeIgniter\CLI\Console))
10 ROOTPATH/spark(87): CodeIgniter\Boot::bootSpark(Object(Config\Paths))
ERROR - 2026-05-13 07:09:47 --> Error connecting to the database: Exception: Unable to open database: unable to open database file in /home/johny-olivier/ITU/L2/s4/systeme d'information/codeigniter/projets/suivi_employe/system/Database/SQLite3/Connection.php:111
Stack trace:
#0 /home/johny-olivier/ITU/L2/s4/systeme d'information/codeigniter/projets/suivi_employe/system/Database/SQLite3/Connection.php(111): SQLite3->__construct('writable/suivi_...')
#1 /home/johny-olivier/ITU/L2/s4/systeme d'information/codeigniter/projets/suivi_employe/system/Database/BaseConnection.php(555): CodeIgniter\Database\SQLite3\Connection->connect(false)
#2 /home/johny-olivier/ITU/L2/s4/systeme d'information/codeigniter/projets/suivi_employe/system/Database/SQLite3/Connection.php(74): CodeIgniter\Database\BaseConnection->initialize()
#3 /home/johny-olivier/ITU/L2/s4/systeme d'information/codeigniter/projets/suivi_employe/system/Database/BaseConnection.php(795): CodeIgniter\Database\SQLite3\Connection->initialize()
#4 /home/johny-olivier/ITU/L2/s4/systeme d'information/codeigniter/projets/suivi_employe/system/Database/BaseConnection.php(1706): CodeIgniter\Database\BaseConnection->query('SELECT "NAME" F...')
#5 /home/johny-olivier/ITU/L2/s4/systeme d'information/codeigniter/projets/suivi_employe/system/Database/BaseConnection.php(1726): CodeIgniter\Database\BaseConnection->listTables()
#6 /home/johny-olivier/ITU/L2/s4/systeme d'information/codeigniter/projets/suivi_employe/system/Database/MigrationRunner.php(821): CodeIgniter\Database\BaseConnection->tableExists('migrations')
#7 /home/johny-olivier/ITU/L2/s4/systeme d'information/codeigniter/projets/suivi_employe/system/Database/MigrationRunner.php(173): CodeIgniter\Database\MigrationRunner->ensureTable()
#8 /home/johny-olivier/ITU/L2/s4/systeme d'information/codeigniter/projets/suivi_employe/system/Commands/Database/Migrate.php(89): CodeIgniter\Database\MigrationRunner->latest(NULL)
#9 /home/johny-olivier/ITU/L2/s4/systeme d'information/codeigniter/projets/suivi_employe/system/CLI/SignalTrait.php(245): CodeIgniter\Commands\Database\Migrate::CodeIgniter\Commands\Database\{closure}()
#10 /home/johny-olivier/ITU/L2/s4/systeme d'information/codeigniter/projets/suivi_employe/system/Commands/Database/Migrate.php(88): CodeIgniter\Commands\Database\Migrate->withSignalsBlocked(Object(Closure))
#11 /home/johny-olivier/ITU/L2/s4/systeme d'information/codeigniter/projets/suivi_employe/system/CLI/Commands.php(74): CodeIgniter\Commands\Database\Migrate->run(Array)
#12 /home/johny-olivier/ITU/L2/s4/systeme d'information/codeigniter/projets/suivi_employe/system/CLI/Console.php(47): CodeIgniter\CLI\Commands->run('migrate', Array)
#13 /home/johny-olivier/ITU/L2/s4/systeme d'information/codeigniter/projets/suivi_employe/system/Boot.php(442): CodeIgniter\CLI\Console->run()
#14 /home/johny-olivier/ITU/L2/s4/systeme d'information/codeigniter/projets/suivi_employe/system/Boot.php(166): CodeIgniter\Boot::runCommand(Object(CodeIgniter\CLI\Console))
#15 /home/johny-olivier/ITU/L2/s4/systeme d'information/codeigniter/projets/suivi_employe/spark(87): CodeIgniter\Boot::bootSpark(Object(Config\Paths))
#16 {main}

Next CodeIgniter\Database\Exceptions\DatabaseException: SQLite3 error: Unable to open database: unable to open database file in /home/johny-olivier/ITU/L2/s4/systeme d'information/codeigniter/projets/suivi_employe/system/Database/SQLite3/Connection.php:118
Stack trace:
#0 /home/johny-olivier/ITU/L2/s4/systeme d'information/codeigniter/projets/suivi_employe/system/Database/BaseConnection.php(555): CodeIgniter\Database\SQLite3\Connection->connect(false)
#1 /home/johny-olivier/ITU/L2/s4/systeme d'information/codeigniter/projets/suivi_employe/system/Database/SQLite3/Connection.php(74): CodeIgniter\Database\BaseConnection->initialize()
#2 /home/johny-olivier/ITU/L2/s4/systeme d'information/codeigniter/projets/suivi_employe/system/Database/BaseConnection.php(795): CodeIgniter\Database\SQLite3\Connection->initialize()
#3 /home/johny-olivier/ITU/L2/s4/systeme d'information/codeigniter/projets/suivi_employe/system/Database/BaseConnection.php(1706): CodeIgniter\Database\BaseConnection->query('SELECT "NAME" F...')
#4 /home/johny-olivier/ITU/L2/s4/systeme d'information/codeigniter/projets/suivi_employe/system/Database/BaseConnection.php(1726): CodeIgniter\Database\BaseConnection->listTables()
#5 /home/johny-olivier/ITU/L2/s4/systeme d'information/codeigniter/projets/suivi_employe/system/Database/MigrationRunner.php(821): CodeIgniter\Database\BaseConnection->tableExists('migrations')
#6 /home/johny-olivier/ITU/L2/s4/systeme d'information/codeigniter/projets/suivi_employe/system/Database/MigrationRunner.php(173): CodeIgniter\Database\MigrationRunner->ensureTable()
#7 /home/johny-olivier/ITU/L2/s4/systeme d'information/codeigniter/projets/suivi_employe/system/Commands/Database/Migrate.php(89): CodeIgniter\Database\MigrationRunner->latest(NULL)
#8 /home/johny-olivier/ITU/L2/s4/systeme d'information/codeigniter/projets/suivi_employe/system/CLI/SignalTrait.php(245): CodeIgniter\Commands\Database\Migrate::CodeIgniter\Commands\Database\{closure}()
#9 /home/johny-olivier/ITU/L2/s4/systeme d'information/codeigniter/projets/suivi_employe/system/Commands/Database/Migrate.php(88): CodeIgniter\Commands\Database\Migrate->withSignalsBlocked(Object(Closure))
#10 /home/johny-olivier/ITU/L2/s4/systeme d'information/codeigniter/projets/suivi_employe/system/CLI/Commands.php(74): CodeIgniter\Commands\Database\Migrate->run(Array)
#11 /home/johny-olivier/ITU/L2/s4/systeme d'information/codeigniter/projets/suivi_employe/system/CLI/Console.php(47): CodeIgniter\CLI\Commands->run('migrate', Array)
#12 /home/johny-olivier/ITU/L2/s4/systeme d'information/codeigniter/projets/suivi_employe/system/Boot.php(442): CodeIgniter\CLI\Console->run()
#13 /home/johny-olivier/ITU/L2/s4/systeme d'information/codeigniter/projets/suivi_employe/system/Boot.php(166): CodeIgniter\Boot::runCommand(Object(CodeIgniter\CLI\Console))
#14 /home/johny-olivier/ITU/L2/s4/systeme d'information/codeigniter/projets/suivi_employe/spark(87): CodeIgniter\Boot::bootSpark(Object(Config\Paths))
#15 {main}
ERROR - 2026-05-13 07:09:47 --> Error connecting to the database: Exception: Unable to open database: unable to open database file in /home/johny-olivier/ITU/L2/s4/systeme d'information/codeigniter/projets/suivi_employe/system/Database/SQLite3/Connection.php:111
Stack trace:
#0 /home/johny-olivier/ITU/L2/s4/systeme d'information/codeigniter/projets/suivi_employe/system/Database/SQLite3/Connection.php(111): SQLite3->__construct('writable/suivi_...')
#1 /home/johny-olivier/ITU/L2/s4/systeme d'information/codeigniter/projets/suivi_employe/system/Database/BaseConnection.php(555): CodeIgniter\Database\SQLite3\Connection->connect(false)
#2 /home/johny-olivier/ITU/L2/s4/systeme d'information/codeigniter/projets/suivi_employe/system/Database/SQLite3/Connection.php(74): CodeIgniter\Database\BaseConnection->initialize()
#3 /home/johny-olivier/ITU/L2/s4/systeme d'information/codeigniter/projets/suivi_employe/system/Database/Database.php(74): CodeIgniter\Database\SQLite3\Connection->initialize()
#4 /home/johny-olivier/ITU/L2/s4/systeme d'information/codeigniter/projets/suivi_employe/system/Database/Config.php(111): CodeIgniter\Database\Database->loadForge(Object(CodeIgniter\Database\SQLite3\Connection))
#5 /home/johny-olivier/ITU/L2/s4/systeme d'information/codeigniter/projets/suivi_employe/system/Database/Seeder.php(103): CodeIgniter\Database\Config::forge('default')
#6 /home/johny-olivier/ITU/L2/s4/systeme d'information/codeigniter/projets/suivi_employe/system/Commands/Database/Seed.php(71): CodeIgniter\Database\Seeder->__construct(Object(Config\Database))
#7 /home/johny-olivier/ITU/L2/s4/systeme d'information/codeigniter/projets/suivi_employe/system/CLI/Commands.php(74): CodeIgniter\Commands\Database\Seed->run(Array)
#8 /home/johny-olivier/ITU/L2/s4/systeme d'information/codeigniter/projets/suivi_employe/system/CLI/Console.php(47): CodeIgniter\CLI\Commands->run('db:seed', Array)
#9 /home/johny-olivier/ITU/L2/s4/systeme d'information/codeigniter/projets/suivi_employe/system/Boot.php(442): CodeIgniter\CLI\Console->run()
#10 /home/johny-olivier/ITU/L2/s4/systeme d'information/codeigniter/projets/suivi_employe/system/Boot.php(166): CodeIgniter\Boot::runCommand(Object(CodeIgniter\CLI\Console))
#11 /home/johny-olivier/ITU/L2/s4/systeme d'information/codeigniter/projets/suivi_employe/spark(87): CodeIgniter\Boot::bootSpark(Object(Config\Paths))
#12 {main}

Next CodeIgniter\Database\Exceptions\DatabaseException: SQLite3 error: Unable to open database: unable to open database file in /home/johny-olivier/ITU/L2/s4/systeme d'information/codeigniter/projets/suivi_employe/system/Database/SQLite3/Connection.php:118
Stack trace:
#0 /home/johny-olivier/ITU/L2/s4/systeme d'information/codeigniter/projets/suivi_employe/system/Database/BaseConnection.php(555): CodeIgniter\Database\SQLite3\Connection->connect(false)
#1 /home/johny-olivier/ITU/L2/s4/systeme d'information/codeigniter/projets/suivi_employe/system/Database/SQLite3/Connection.php(74): CodeIgniter\Database\BaseConnection->initialize()
#2 /home/johny-olivier/ITU/L2/s4/systeme d'information/codeigniter/projets/suivi_employe/system/Database/Database.php(74): CodeIgniter\Database\SQLite3\Connection->initialize()
#3 /home/johny-olivier/ITU/L2/s4/systeme d'information/codeigniter/projets/suivi_employe/system/Database/Config.php(111): CodeIgniter\Database\Database->loadForge(Object(CodeIgniter\Database\SQLite3\Connection))
#4 /home/johny-olivier/ITU/L2/s4/systeme d'information/codeigniter/projets/suivi_employe/system/Database/Seeder.php(103): CodeIgniter\Database\Config::forge('default')
#5 /home/johny-olivier/ITU/L2/s4/systeme d'information/codeigniter/projets/suivi_employe/system/Commands/Database/Seed.php(71): CodeIgniter\Database\Seeder->__construct(Object(Config\Database))
#6 /home/johny-olivier/ITU/L2/s4/systeme d'information/codeigniter/projets/suivi_employe/system/CLI/Commands.php(74): CodeIgniter\Commands\Database\Seed->run(Array)
#7 /home/johny-olivier/ITU/L2/s4/systeme d'information/codeigniter/projets/suivi_employe/system/CLI/Console.php(47): CodeIgniter\CLI\Commands->run('db:seed', Array)
#8 /home/johny-olivier/ITU/L2/s4/systeme d'information/codeigniter/projets/suivi_employe/system/Boot.php(442): CodeIgniter\CLI\Console->run()
#9 /home/johny-olivier/ITU/L2/s4/systeme d'information/codeigniter/projets/suivi_employe/system/Boot.php(166): CodeIgniter\Boot::runCommand(Object(CodeIgniter\CLI\Console))
#10 /home/johny-olivier/ITU/L2/s4/systeme d'information/codeigniter/projets/suivi_employe/spark(87): CodeIgniter\Boot::bootSpark(Object(Config\Paths))
#11 {main}
CRITICAL - 2026-05-13 07:09:47 --> CodeIgniter\Database\Exceptions\DatabaseException: Unable to connect to the database.
Main connection [SQLite3]: SQLite3 error: Unable to open database: unable to open database file
[Method: CLI, Route: db:seed/MainSeeder]
in SYSTEMPATH/Database/BaseConnection.php on line 606.
 1 SYSTEMPATH/Database/SQLite3/Connection.php(74): CodeIgniter\Database\BaseConnection->initialize()
 2 SYSTEMPATH/Database/Database.php(74): CodeIgniter\Database\SQLite3\Connection->initialize()
 3 SYSTEMPATH/Database/Config.php(111): CodeIgniter\Database\Database->loadForge(Object(CodeIgniter\Database\SQLite3\Connection))
 4 SYSTEMPATH/Database/Seeder.php(103): CodeIgniter\Database\Config::forge('default')
 5 SYSTEMPATH/Commands/Database/Seed.php(71): CodeIgniter\Database\Seeder->__construct(Object(Config\Database))
 6 SYSTEMPATH/CLI/Commands.php(74): CodeIgniter\Commands\Database\Seed->run([...])
 7 SYSTEMPATH/CLI/Console.php(47): CodeIgniter\CLI\Commands->run('db:seed', [...])
 8 SYSTEMPATH/Boot.php(442): CodeIgniter\CLI\Console->run()
 9 SYSTEMPATH/Boot.php(166): CodeIgniter\Boot::runCommand(Object(CodeIgniter\CLI\Console))
10 ROOTPATH/spark(87): CodeIgniter\Boot::bootSpark(Object(Config\Paths))
ERROR - 2026-05-13 07:10:31 --> Error connecting to the database: Exception: Unable to open database: unable to open database file in /home/johny-olivier/ITU/L2/s4/systeme d'information/codeigniter/projets/suivi_employe/system/Database/SQLite3/Connection.php:111
Stack trace:
#0 /home/johny-olivier/ITU/L2/s4/systeme d'information/codeigniter/projets/suivi_employe/system/Database/SQLite3/Connection.php(111): SQLite3->__construct('writable/suivi_...')
#1 /home/johny-olivier/ITU/L2/s4/systeme d'information/codeigniter/projets/suivi_employe/system/Database/BaseConnection.php(555): CodeIgniter\Database\SQLite3\Connection->connect(false)
#2 /home/johny-olivier/ITU/L2/s4/systeme d'information/codeigniter/projets/suivi_employe/system/Database/SQLite3/Connection.php(74): CodeIgniter\Database\BaseConnection->initialize()
#3 /home/johny-olivier/ITU/L2/s4/systeme d'information/codeigniter/projets/suivi_employe/system/Database/BaseConnection.php(795): CodeIgniter\Database\SQLite3\Connection->initialize()
#4 /home/johny-olivier/ITU/L2/s4/systeme d'information/codeigniter/projets/suivi_employe/system/Database/BaseConnection.php(1706): CodeIgniter\Database\BaseConnection->query('SELECT "NAME" F...')
#5 /home/johny-olivier/ITU/L2/s4/systeme d'information/codeigniter/projets/suivi_employe/system/Database/BaseConnection.php(1726): CodeIgniter\Database\BaseConnection->listTables()
#6 /home/johny-olivier/ITU/L2/s4/systeme d'information/codeigniter/projets/suivi_employe/system/Database/MigrationRunner.php(821): CodeIgniter\Database\BaseConnection->tableExists('migrations')
#7 /home/johny-olivier/ITU/L2/s4/systeme d'information/codeigniter/projets/suivi_employe/system/Database/MigrationRunner.php(173): CodeIgniter\Database\MigrationRunner->ensureTable()
#8 /home/johny-olivier/ITU/L2/s4/systeme d'information/codeigniter/projets/suivi_employe/system/Commands/Database/Migrate.php(89): CodeIgniter\Database\MigrationRunner->latest(NULL)
#9 /home/johny-olivier/ITU/L2/s4/systeme d'information/codeigniter/projets/suivi_employe/system/CLI/SignalTrait.php(245): CodeIgniter\Commands\Database\Migrate::CodeIgniter\Commands\Database\{closure}()
#10 /home/johny-olivier/ITU/L2/s4/systeme d'information/codeigniter/projets/suivi_employe/system/Commands/Database/Migrate.php(88): CodeIgniter\Commands\Database\Migrate->withSignalsBlocked(Object(Closure))
#11 /home/johny-olivier/ITU/L2/s4/systeme d'information/codeigniter/projets/suivi_employe/system/CLI/Commands.php(74): CodeIgniter\Commands\Database\Migrate->run(Array)
#12 /home/johny-olivier/ITU/L2/s4/systeme d'information/codeigniter/projets/suivi_employe/system/CLI/Console.php(47): CodeIgniter\CLI\Commands->run('migrate', Array)
#13 /home/johny-olivier/ITU/L2/s4/systeme d'information/codeigniter/projets/suivi_employe/system/Boot.php(442): CodeIgniter\CLI\Console->run()
#14 /home/johny-olivier/ITU/L2/s4/systeme d'information/codeigniter/projets/suivi_employe/system/Boot.php(166): CodeIgniter\Boot::runCommand(Object(CodeIgniter\CLI\Console))
#15 /home/johny-olivier/ITU/L2/s4/systeme d'information/codeigniter/projets/suivi_employe/spark(87): CodeIgniter\Boot::bootSpark(Object(Config\Paths))
#16 {main}

Next CodeIgniter\Database\Exceptions\DatabaseException: SQLite3 error: Unable to open database: unable to open database file in /home/johny-olivier/ITU/L2/s4/systeme d'information/codeigniter/projets/suivi_employe/system/Database/SQLite3/Connection.php:118
Stack trace:
#0 /home/johny-olivier/ITU/L2/s4/systeme d'information/codeigniter/projets/suivi_employe/system/Database/BaseConnection.php(555): CodeIgniter\Database\SQLite3\Connection->connect(false)
#1 /home/johny-olivier/ITU/L2/s4/systeme d'information/codeigniter/projets/suivi_employe/system/Database/SQLite3/Connection.php(74): CodeIgniter\Database\BaseConnection->initialize()
#2 /home/johny-olivier/ITU/L2/s4/systeme d'information/codeigniter/projets/suivi_employe/system/Database/BaseConnection.php(795): CodeIgniter\Database\SQLite3\Connection->initialize()
#3 /home/johny-olivier/ITU/L2/s4/systeme d'information/codeigniter/projets/suivi_employe/system/Database/BaseConnection.php(1706): CodeIgniter\Database\BaseConnection->query('SELECT "NAME" F...')
#4 /home/johny-olivier/ITU/L2/s4/systeme d'information/codeigniter/projets/suivi_employe/system/Database/BaseConnection.php(1726): CodeIgniter\Database\BaseConnection->listTables()
#5 /home/johny-olivier/ITU/L2/s4/systeme d'information/codeigniter/projets/suivi_employe/system/Database/MigrationRunner.php(821): CodeIgniter\Database\BaseConnection->tableExists('migrations')
#6 /home/johny-olivier/ITU/L2/s4/systeme d'information/codeigniter/projets/suivi_employe/system/Database/MigrationRunner.php(173): CodeIgniter\Database\MigrationRunner->ensureTable()
#7 /home/johny-olivier/ITU/L2/s4/systeme d'information/codeigniter/projets/suivi_employe/system/Commands/Database/Migrate.php(89): CodeIgniter\Database\MigrationRunner->latest(NULL)
#8 /home/johny-olivier/ITU/L2/s4/systeme d'information/codeigniter/projets/suivi_employe/system/CLI/SignalTrait.php(245): CodeIgniter\Commands\Database\Migrate::CodeIgniter\Commands\Database\{closure}()
#9 /home/johny-olivier/ITU/L2/s4/systeme d'information/codeigniter/projets/suivi_employe/system/Commands/Database/Migrate.php(88): CodeIgniter\Commands\Database\Migrate->withSignalsBlocked(Object(Closure))
#10 /home/johny-olivier/ITU/L2/s4/systeme d'information/codeigniter/projets/suivi_employe/system/CLI/Commands.php(74): CodeIgniter\Commands\Database\Migrate->run(Array)
#11 /home/johny-olivier/ITU/L2/s4/systeme d'information/codeigniter/projets/suivi_employe/system/CLI/Console.php(47): CodeIgniter\CLI\Commands->run('migrate', Array)
#12 /home/johny-olivier/ITU/L2/s4/systeme d'information/codeigniter/projets/suivi_employe/system/Boot.php(442): CodeIgniter\CLI\Console->run()
#13 /home/johny-olivier/ITU/L2/s4/systeme d'information/codeigniter/projets/suivi_employe/system/Boot.php(166): CodeIgniter\Boot::runCommand(Object(CodeIgniter\CLI\Console))
#14 /home/johny-olivier/ITU/L2/s4/systeme d'information/codeigniter/projets/suivi_employe/spark(87): CodeIgniter\Boot::bootSpark(Object(Config\Paths))
#15 {main}
ERROR - 2026-05-13 07:10:31 --> Error connecting to the database: Exception: Unable to open database: unable to open database file in /home/johny-olivier/ITU/L2/s4/systeme d'information/codeigniter/projets/suivi_employe/system/Database/SQLite3/Connection.php:111
Stack trace:
#0 /home/johny-olivier/ITU/L2/s4/systeme d'information/codeigniter/projets/suivi_employe/system/Database/SQLite3/Connection.php(111): SQLite3->__construct('writable/suivi_...')
#1 /home/johny-olivier/ITU/L2/s4/systeme d'information/codeigniter/projets/suivi_employe/system/Database/BaseConnection.php(555): CodeIgniter\Database\SQLite3\Connection->connect(false)
#2 /home/johny-olivier/ITU/L2/s4/systeme d'information/codeigniter/projets/suivi_employe/system/Database/SQLite3/Connection.php(74): CodeIgniter\Database\BaseConnection->initialize()
#3 /home/johny-olivier/ITU/L2/s4/systeme d'information/codeigniter/projets/suivi_employe/system/Database/Database.php(74): CodeIgniter\Database\SQLite3\Connection->initialize()
#4 /home/johny-olivier/ITU/L2/s4/systeme d'information/codeigniter/projets/suivi_employe/system/Database/Config.php(111): CodeIgniter\Database\Database->loadForge(Object(CodeIgniter\Database\SQLite3\Connection))
#5 /home/johny-olivier/ITU/L2/s4/systeme d'information/codeigniter/projets/suivi_employe/system/Database/Seeder.php(103): CodeIgniter\Database\Config::forge('default')
#6 /home/johny-olivier/ITU/L2/s4/systeme d'information/codeigniter/projets/suivi_employe/system/Commands/Database/Seed.php(71): CodeIgniter\Database\Seeder->__construct(Object(Config\Database))
#7 /home/johny-olivier/ITU/L2/s4/systeme d'information/codeigniter/projets/suivi_employe/system/CLI/Commands.php(74): CodeIgniter\Commands\Database\Seed->run(Array)
#8 /home/johny-olivier/ITU/L2/s4/systeme d'information/codeigniter/projets/suivi_employe/system/CLI/Console.php(47): CodeIgniter\CLI\Commands->run('db:seed', Array)
#9 /home/johny-olivier/ITU/L2/s4/systeme d'information/codeigniter/projets/suivi_employe/system/Boot.php(442): CodeIgniter\CLI\Console->run()
#10 /home/johny-olivier/ITU/L2/s4/systeme d'information/codeigniter/projets/suivi_employe/system/Boot.php(166): CodeIgniter\Boot::runCommand(Object(CodeIgniter\CLI\Console))
#11 /home/johny-olivier/ITU/L2/s4/systeme d'information/codeigniter/projets/suivi_employe/spark(87): CodeIgniter\Boot::bootSpark(Object(Config\Paths))
#12 {main}

Next CodeIgniter\Database\Exceptions\DatabaseException: SQLite3 error: Unable to open database: unable to open database file in /home/johny-olivier/ITU/L2/s4/systeme d'information/codeigniter/projets/suivi_employe/system/Database/SQLite3/Connection.php:118
Stack trace:
#0 /home/johny-olivier/ITU/L2/s4/systeme d'information/codeigniter/projets/suivi_employe/system/Database/BaseConnection.php(555): CodeIgniter\Database\SQLite3\Connection->connect(false)
#1 /home/johny-olivier/ITU/L2/s4/systeme d'information/codeigniter/projets/suivi_employe/system/Database/SQLite3/Connection.php(74): CodeIgniter\Database\BaseConnection->initialize()
#2 /home/johny-olivier/ITU/L2/s4/systeme d'information/codeigniter/projets/suivi_employe/system/Database/Database.php(74): CodeIgniter\Database\SQLite3\Connection->initialize()
#3 /home/johny-olivier/ITU/L2/s4/systeme d'information/codeigniter/projets/suivi_employe/system/Database/Config.php(111): CodeIgniter\Database\Database->loadForge(Object(CodeIgniter\Database\SQLite3\Connection))
#4 /home/johny-olivier/ITU/L2/s4/systeme d'information/codeigniter/projets/suivi_employe/system/Database/Seeder.php(103): CodeIgniter\Database\Config::forge('default')
#5 /home/johny-olivier/ITU/L2/s4/systeme d'information/codeigniter/projets/suivi_employe/system/Commands/Database/Seed.php(71): CodeIgniter\Database\Seeder->__construct(Object(Config\Database))
#6 /home/johny-olivier/ITU/L2/s4/systeme d'information/codeigniter/projets/suivi_employe/system/CLI/Commands.php(74): CodeIgniter\Commands\Database\Seed->run(Array)
#7 /home/johny-olivier/ITU/L2/s4/systeme d'information/codeigniter/projets/suivi_employe/system/CLI/Console.php(47): CodeIgniter\CLI\Commands->run('db:seed', Array)
#8 /home/johny-olivier/ITU/L2/s4/systeme d'information/codeigniter/projets/suivi_employe/system/Boot.php(442): CodeIgniter\CLI\Console->run()
#9 /home/johny-olivier/ITU/L2/s4/systeme d'information/codeigniter/projets/suivi_employe/system/Boot.php(166): CodeIgniter\Boot::runCommand(Object(CodeIgniter\CLI\Console))
#10 /home/johny-olivier/ITU/L2/s4/systeme d'information/codeigniter/projets/suivi_employe/spark(87): CodeIgniter\Boot::bootSpark(Object(Config\Paths))
#11 {main}
CRITICAL - 2026-05-13 07:10:31 --> CodeIgniter\Database\Exceptions\DatabaseException: Unable to connect to the database.
Main connection [SQLite3]: SQLite3 error: Unable to open database: unable to open database file
[Method: CLI, Route: db:seed/MainSeeder]
in SYSTEMPATH/Database/BaseConnection.php on line 606.
 1 SYSTEMPATH/Database/SQLite3/Connection.php(74): CodeIgniter\Database\BaseConnection->initialize()
 2 SYSTEMPATH/Database/Database.php(74): CodeIgniter\Database\SQLite3\Connection->initialize()
 3 SYSTEMPATH/Database/Config.php(111): CodeIgniter\Database\Database->loadForge(Object(CodeIgniter\Database\SQLite3\Connection))
 4 SYSTEMPATH/Database/Seeder.php(103): CodeIgniter\Database\Config::forge('default')
 5 SYSTEMPATH/Commands/Database/Seed.php(71): CodeIgniter\Database\Seeder->__construct(Object(Config\Database))
 6 SYSTEMPATH/CLI/Commands.php(74): CodeIgniter\Commands\Database\Seed->run([...])
 7 SYSTEMPATH/CLI/Console.php(47): CodeIgniter\CLI\Commands->run('db:seed', [...])
 8 SYSTEMPATH/Boot.php(442): CodeIgniter\CLI\Console->run()
 9 SYSTEMPATH/Boot.php(166): CodeIgniter\Boot::runCommand(Object(CodeIgniter\CLI\Console))
10 ROOTPATH/spark(87): CodeIgniter\Boot::bootSpark(Object(Config\Paths))
DEBUG - 2026-05-13 07:12:53 --> Session: Class initialized using 'CodeIgniter\Session\Handlers\FileHandler' driver.
INFO - 2026-05-13 07:13:00 --> CSRF token verified.
ERROR - 2026-05-13 07:13:00 --> Error connecting to the database: Error: Class "SQLite3" not found in /home/johny-olivier/ITU/L2/s4/systeme d'information/codeigniter/projets/suivi_employe/system/Database/SQLite3/Connection.php:111
Stack trace:
#0 /home/johny-olivier/ITU/L2/s4/systeme d'information/codeigniter/projets/suivi_employe/system/Database/BaseConnection.php(555): CodeIgniter\Database\SQLite3\Connection->connect()
#1 /home/johny-olivier/ITU/L2/s4/systeme d'information/codeigniter/projets/suivi_employe/system/Database/SQLite3/Connection.php(74): CodeIgniter\Database\BaseConnection->initialize()
#2 /home/johny-olivier/ITU/L2/s4/systeme d'information/codeigniter/projets/suivi_employe/system/Database/BaseConnection.php(795): CodeIgniter\Database\SQLite3\Connection->initialize()
#3 /home/johny-olivier/ITU/L2/s4/systeme d'information/codeigniter/projets/suivi_employe/system/Database/BaseBuilder.php(1649): CodeIgniter\Database\BaseConnection->query()
#4 /home/johny-olivier/ITU/L2/s4/systeme d'information/codeigniter/projets/suivi_employe/system/Model.php(295): CodeIgniter\Database\BaseBuilder->get()
#5 /home/johny-olivier/ITU/L2/s4/systeme d'information/codeigniter/projets/suivi_employe/system/BaseModel.php(714): CodeIgniter\Model->doFirst()
#6 /home/johny-olivier/ITU/L2/s4/systeme d'information/codeigniter/projets/suivi_employe/app/Controllers/Auth.php(23): CodeIgniter\BaseModel->first()
#7 /home/johny-olivier/ITU/L2/s4/systeme d'information/codeigniter/projets/suivi_employe/system/CodeIgniter.php(951): App\Controllers\Auth->attemptLogin()
#8 /home/johny-olivier/ITU/L2/s4/systeme d'information/codeigniter/projets/suivi_employe/system/CodeIgniter.php(497): CodeIgniter\CodeIgniter->runController()
#9 /home/johny-olivier/ITU/L2/s4/systeme d'information/codeigniter/projets/suivi_employe/system/CodeIgniter.php(340): CodeIgniter\CodeIgniter->handleRequest()
#10 /home/johny-olivier/ITU/L2/s4/systeme d'information/codeigniter/projets/suivi_employe/system/Boot.php(417): CodeIgniter\CodeIgniter->run()
#11 /home/johny-olivier/ITU/L2/s4/systeme d'information/codeigniter/projets/suivi_employe/system/Boot.php(68): CodeIgniter\Boot::runCodeIgniter()
#12 /home/johny-olivier/ITU/L2/s4/systeme d'information/codeigniter/projets/suivi_employe/public/index.php(59): CodeIgniter\Boot::bootWeb()
#13 /home/johny-olivier/ITU/L2/s4/systeme d'information/codeigniter/projets/suivi_employe/system/rewrite.php(44): require_once('...')
#14 {main}
CRITICAL - 2026-05-13 07:13:00 --> CodeIgniter\Database\Exceptions\DatabaseException: Unable to connect to the database.
Main connection [SQLite3]: Class "SQLite3" not found
[Method: POST, Route: login]
in SYSTEMPATH/Database/BaseConnection.php on line 606.
 1 SYSTEMPATH/Database/SQLite3/Connection.php(74): CodeIgniter\Database\BaseConnection->initialize()
 2 SYSTEMPATH/Database/BaseConnection.php(795): CodeIgniter\Database\SQLite3\Connection->initialize()
 3 SYSTEMPATH/Database/BaseBuilder.php(1649): CodeIgniter\Database\BaseConnection->query()
 4 SYSTEMPATH/Model.php(295): CodeIgniter\Database\BaseBuilder->get()
 5 SYSTEMPATH/BaseModel.php(714): CodeIgniter\Model->doFirst()
 6 APPPATH/Controllers/Auth.php(23): CodeIgniter\BaseModel->first()
 7 SYSTEMPATH/CodeIgniter.php(951): App\Controllers\Auth->attemptLogin()
 8 SYSTEMPATH/CodeIgniter.php(497): CodeIgniter\CodeIgniter->runController()
 9 SYSTEMPATH/CodeIgniter.php(340): CodeIgniter\CodeIgniter->handleRequest()
10 SYSTEMPATH/Boot.php(417): CodeIgniter\CodeIgniter->run()
11 SYSTEMPATH/Boot.php(68): CodeIgniter\Boot::runCodeIgniter()
12 FCPATH/index.php(59): CodeIgniter\Boot::bootWeb()
13 SYSTEMPATH/rewrite.php(44): require_once('/home/johny-olivier/ITU/L2/s4/systeme d\'information/codeigniter/projets/suivi_employe/public/index.php')
